// Jest Snapshot v1, https://goo.gl/fbAQLP

exports[`HelloWorld should render my component 1`] = `
Array [
  <View>
    <Text>
      Hello World
    </Text>
  </View>,
]
`;
